
Currently Loaded Modules:
  1) GCCcore/13.3.0                   7) Tcl/8.6.14-GCCcore-13.3.0
  2) zlib/1.3.1-GCCcore-13.3.0        8) SQLite/3.45.3-GCCcore-13.3.0
  3) binutils/2.42-GCCcore-13.3.0     9) XZ/5.4.5-GCCcore-13.3.0
  4) bzip2/1.0.8-GCCcore-13.3.0      10) libffi/3.4.5-GCCcore-13.3.0
  5) ncurses/6.5-GCCcore-13.3.0      11) OpenSSL/3
  6) libreadline/8.2-GCCcore-13.3.0  12) Python/3.12.3-GCCcore-13.3.0

 

.venv/bin/activate: line 1: .venv/bin/activate#: No such file or directory
Script started at: 2025-09-11 22:35:49
Traceback (most recent call last):
  File "/mnt/home/singhp19/O16_driftvel_analysis/e20020_analysis/run_spyral.py", line 1, in <module>
    from spyral import (
  File "/mnt/ffs24/home/singhp19/O16_driftvel_analysis/.venv/lib/python3.12/site-packages/spyral/__init__.py", line 23, in <module>
    from .phases.cluster_phase import ClusterPhase
  File "/mnt/ffs24/home/singhp19/O16_driftvel_analysis/.venv/lib/python3.12/site-packages/spyral/phases/cluster_phase.py", line 5, in <module>
    from ..core.clusterize import form_clusters, join_clusters, cleanup_clusters
  File "/mnt/ffs24/home/singhp19/O16_driftvel_analysis/.venv/lib/python3.12/site-packages/spyral/core/clusterize.py", line 2, in <module>
    from .cluster import LabeledCloud, Cluster, convert_labeled_to_cluster
  File "/mnt/ffs24/home/singhp19/O16_driftvel_analysis/.venv/lib/python3.12/site-packages/spyral/core/cluster.py", line 5, in <module>
    from sklearn.neighbors import LocalOutlierFactor
  File "/mnt/ffs24/home/singhp19/O16_driftvel_analysis/.venv/lib/python3.12/site-packages/sklearn/__init__.py", line 87, in <module>
    from .base import clone
  File "/mnt/ffs24/home/singhp19/O16_driftvel_analysis/.venv/lib/python3.12/site-packages/sklearn/base.py", line 19, in <module>
    from .utils import _IS_32BIT
  File "/mnt/ffs24/home/singhp19/O16_driftvel_analysis/.venv/lib/python3.12/site-packages/sklearn/utils/__init__.py", line 20, in <module>
    from . import _joblib, metadata_routing
  File "/mnt/ffs24/home/singhp19/O16_driftvel_analysis/.venv/lib/python3.12/site-packages/sklearn/utils/_joblib.py", line 7, in <module>
    import joblib
  File "/opt/software-current/2023.06/x86_64/intel/skylake_avx512/software/Python-bundle-PyPI/2023.06-GCCcore-12.3.0/lib/python3.11/site-packages/joblib/__init__.py", line 113, in <module>
    from .memory import Memory, MemorizedResult, register_store_backend
  File "/opt/software-current/2023.06/x86_64/intel/skylake_avx512/software/Python-bundle-PyPI/2023.06-GCCcore-12.3.0/lib/python3.11/site-packages/joblib/memory.py", line 32, in <module>
    from ._store_backends import StoreBackendBase, FileSystemStoreBackend
  File "/opt/software-current/2023.06/x86_64/intel/skylake_avx512/software/Python-bundle-PyPI/2023.06-GCCcore-12.3.0/lib/python3.11/site-packages/joblib/_store_backends.py", line 15, in <module>
    from .backports import concurrency_safe_rename
  File "/opt/software-current/2023.06/x86_64/intel/skylake_avx512/software/Python-bundle-PyPI/2023.06-GCCcore-12.3.0/lib/python3.11/site-packages/joblib/backports.py", line 22, in <module>
    import distutils  # noqa
    ^^^^^^^^^^^^^^^^
ModuleNotFoundError: No module named 'distutils'
Script finished at: 2025-09-11 22:35:55
