
Currently Loaded Modules:
  1) GCCcore/13.3.0                   7) Tcl/8.6.14-GCCcore-13.3.0
  2) zlib/1.3.1-GCCcore-13.3.0        8) SQLite/3.45.3-GCCcore-13.3.0
  3) binutils/2.42-GCCcore-13.3.0     9) XZ/5.4.5-GCCcore-13.3.0
  4) bzip2/1.0.8-GCCcore-13.3.0      10) libffi/3.4.5-GCCcore-13.3.0
  5) ncurses/6.5-GCCcore-13.3.0      11) OpenSSL/3
  6) libreadline/8.2-GCCcore-13.3.0  12) Python/3.12.3-GCCcore-13.3.0

 

Script started at: 2025-10-28 16:24:24

-------------------------------
 ____                        _ 
/ ___| _ __  _   _ _ __ __ _| |
\___ \|  _ \| | | |  __/ _  | |
 ___| | |_| | |_| | | | |_| | |
|____/|  __/ \__  |_|  \__ _|_|
      |_|    |___/             
-------------------------------

Creating workspace: /mnt/scratch/singhp19/noefeild_workspace ... Done.
Initializing logs... Done.
Creating any phase assets... Done.
Initializing shared memory... Done.
Validating Pipeline... Pipeline successfully validated.
Running Spyral...
0it [00:00, ?it/s]| Process 0 | Waiting |: : 0it [00:00, ?it/s]
0it [00:00, ?it/s][A
| Process 1 | Waiting |: : 0it [00:00, ?it/s][A| Process 0 | Waiting |:   0%|          | 0/100 [00:00<?, ?it/s]| Process 0 | Run 104 | Task: Cluster |:   0%|          | 0/100 [00:00<?, ?it/s]
| Process 1 | Waiting |:   0%|          | 0/100 [00:00<?, ?it/s][A
| Process 1 | Run 105 | Task: Cluster |:   0%|          | 0/100 [00:00<?, ?it/s][A| Process 0 | Run 104 | Task: Cluster |: : 0it [00:00, ?it/s]                   | Process 0 | Run -1 | Task: Complete |: : 0it [00:00, ?it/s]
| Process 1 | Run 105 | Task: Cluster |: : 0it [00:00, ?it/s]                   [A
| Process 1 | Run -1 | Task: Complete |: : 0it [00:00, ?it/s][A| Process 0 | Run -1 | Task: Complete |: : 0it [00:01, ?it/s]
| Process 1 | Run -1 | Task: Complete |: : 0it [00:00, ?it/s]
Script finished at: 2025-10-28 16:24:46
